0	1	Operator.Symbol
1	2	Operator.Symbol
2	3	Operator.Symbol
3	4	Operator.Symbol
4	5	Operator.Symbol
5	6	Operator.Symbol
6	7	Operator.Symbol
7	8	Operator.Symbol
8	9	Operator.Symbol
9	10	Operator.Symbol
10	11	Operator.Symbol
11	12	Operator.Symbol
12	13	Operator.Symbol
13	14	Operator.Symbol
14	15	Operator.Symbol
15	16	Operator.Symbol
16	17	Operator.Symbol
17	18	Operator.Symbol
18	19	Operator.Symbol
19	20	Operator.Symbol
20	21	Operator.Symbol
21	22	Operator.Symbol
22	23	Operator.Symbol
23	24	Operator.Symbol
24	25	Operator.Symbol
25	26	Grouping.Statements
26	27	Operator.Symbol
27	28	Operator.Symbol
28	29	Operator.Symbol
29	30	Operator.Symbol
30	31	Operator.Symbol
31	32	Operator.Symbol
32	33	Operator.Symbol
33	34	Operator.Symbol
34	35	Operator.Symbol
35	36	Operator.Symbol
36	37	Operator.Symbol
37	38	Operator.Symbol
38	39	Operator.Symbol
39	40	Operator.Symbol
40	41	Operator.Symbol
41	42	Operator.Symbol
42	43	Operator.Symbol
43	44	Operator.Symbol
44	45	Operator.Symbol
45	46	Operator.Symbol
46	47	Grouping.Statements
47	48	Operator.Symbol
48	49	Operator.Symbol
49	50	Operator.Symbol
50	51	Operator.Symbol
51	52	Operator.Symbol
52	53	Operator.Symbol
53	54	Operator.Symbol
54	55	Operator.Symbol
55	56	Operator.Symbol
56	57	Operator.Symbol
57	58	Operator.Symbol
58	59	Operator.Symbol
59	60	Operator.Symbol
60	61	Operator.Symbol
61	62	Operator.Symbol
62	63	Operator.Symbol